# serializer version: 1
# name: test_schema_snapshot
  dict({
    'constraints': list([
      'af_chunk_uid',
      'af_commit_uid',
      'af_doc_uid',
      'af_event_uid',
      'af_evidence_uid',
      'af_feature_uid',
      'af_file_uid',
      'af_knowledge_uid',
      'af_module_uid',
      'af_project_id',
      'af_run_uid',
      'af_schema_version_id',
      'af_symbol_uid',
    ]),
    'indexes': list([
      tuple(
        'af_chunk_embedding',
        'VECTOR',
        tuple(
          'DocChunk',
        ),
        tuple(
          'embedding',
        ),
        64,
      ),
      tuple(
        'af_chunk_uid',
        'RANGE',
        tuple(
          'DocChunk',
        ),
        tuple(
          'uid',
        ),
        None,
      ),
      tuple(
        'af_commit_uid',
        'RANGE',
        tuple(
          'Commit',
        ),
        tuple(
          'uid',
        ),
        None,
      ),
      tuple(
        'af_doc_uid',
        'RANGE',
        tuple(
          'Doc',
        ),
        tuple(
          'uid',
        ),
        None,
      ),
      tuple(
        'af_event_target',
        'RANGE',
        tuple(
          'MemoryEvent',
        ),
        tuple(
          'target_uid',
        ),
        None,
      ),
      tuple(
        'af_event_uid',
        'RANGE',
        tuple(
          'MemoryEvent',
        ),
        tuple(
          'uid',
        ),
        None,
      ),
      tuple(
        'af_evidence_uid',
        'RANGE',
        tuple(
          'Evidence',
        ),
        tuple(
          'uid',
        ),
        None,
      ),
      tuple(
        'af_feature_project',
        'RANGE',
        tuple(
          'Feature',
        ),
        tuple(
          'project_id',
          'status',
        ),
        None,
      ),
      tuple(
        'af_feature_uid',
        'RANGE',
        tuple(
          'Feature',
        ),
        tuple(
          'uid',
        ),
        None,
      ),
      tuple(
        'af_file_path',
        'RANGE',
        tuple(
          'File',
        ),
        tuple(
          'project_id',
          'path',
        ),
        None,
      ),
      tuple(
        'af_file_run',
        'RANGE',
        tuple(
          'File',
        ),
        tuple(
          'project_id',
          'last_audit_run',
        ),
        None,
      ),
      tuple(
        'af_file_uid',
        'RANGE',
        tuple(
          'File',
        ),
        tuple(
          'uid',
        ),
        None,
      ),
      tuple(
        'af_knowledge_embedding',
        'VECTOR',
        tuple(
          'Knowledge',
        ),
        tuple(
          'embedding',
        ),
        64,
      ),
      tuple(
        'af_knowledge_status',
        'RANGE',
        tuple(
          'Knowledge',
        ),
        tuple(
          'project_id',
          'status',
        ),
        None,
      ),
      tuple(
        'af_knowledge_text',
        'FULLTEXT',
        tuple(
          'Knowledge',
        ),
        tuple(
          'title',
          'claim',
        ),
        None,
      ),
      tuple(
        'af_knowledge_uid',
        'RANGE',
        tuple(
          'Knowledge',
        ),
        tuple(
          'uid',
        ),
        None,
      ),
      tuple(
        'af_module_uid',
        'RANGE',
        tuple(
          'Module',
        ),
        tuple(
          'uid',
        ),
        None,
      ),
      tuple(
        'af_project_id',
        'RANGE',
        tuple(
          'Project',
        ),
        tuple(
          'id',
        ),
        None,
      ),
      tuple(
        'af_run_uid',
        'RANGE',
        tuple(
          'AuditRun',
        ),
        tuple(
          'uid',
        ),
        None,
      ),
      tuple(
        'af_schema_version_id',
        'RANGE',
        tuple(
          'SchemaVersion',
        ),
        tuple(
          'id',
        ),
        None,
      ),
      tuple(
        'af_symbol_embedding',
        'VECTOR',
        tuple(
          'Symbol',
        ),
        tuple(
          'embedding',
        ),
        64,
      ),
      tuple(
        'af_symbol_name',
        'RANGE',
        tuple(
          'Symbol',
        ),
        tuple(
          'name',
        ),
        None,
      ),
      tuple(
        'af_symbol_project',
        'RANGE',
        tuple(
          'Symbol',
        ),
        tuple(
          'project_id',
        ),
        None,
      ),
      tuple(
        'af_symbol_text',
        'FULLTEXT',
        tuple(
          'Symbol',
        ),
        tuple(
          'name',
          'name_tokens',
          'method_names',
          'doc',
        ),
        None,
      ),
      tuple(
        'af_symbol_uid',
        'RANGE',
        tuple(
          'Symbol',
        ),
        tuple(
          'uid',
        ),
        None,
      ),
    ]),
  })
# ---
