# serializer version: 1
# name: test_fragment_golden_snapshot
  dict({
    'edges': list([
      tuple(
        'ACCESSES',
        'sym:src/repositories/team.repository.ts#TeamRepository.addMember',
        'sym:src/db/schema.ts#teamMembers',
        tuple(
          tuple(
            'op',
            'write',
          ),
          tuple(
            'resolution',
            'exact',
          ),
        ),
      ),
      tuple(
        'ACCESSES',
        'sym:src/repositories/team.repository.ts#TeamRepository.create',
        'sym:src/db/schema.ts#teams',
        tuple(
          tuple(
            'op',
            'write',
          ),
          tuple(
            'resolution',
            'exact',
          ),
        ),
      ),
      tuple(
        'ACCESSES',
        'sym:src/repositories/team.repository.ts#TeamRepository.findById',
        'sym:src/db/schema.ts#teams',
        tuple(
          tuple(
            'op',
            'read',
          ),
          tuple(
            'resolution',
            'exact',
          ),
        ),
      ),
      tuple(
        'ACCESSES',
        'sym:src/repositories/team.repository.ts#TeamRepository.listMembers',
        'sym:src/db/schema.ts#teamMembers',
        tuple(
          tuple(
            'op',
            'read',
          ),
          tuple(
            'resolution',
            'exact',
          ),
        ),
      ),
      tuple(
        'ACCESSES',
        'sym:src/repositories/token.repository.ts#TokenRepository.deleteExpired',
        'sym:src/db/schema.ts#tokens',
        tuple(
          tuple(
            'op',
            'write',
          ),
          tuple(
            'resolution',
            'exact',
          ),
        ),
      ),
      tuple(
        'ACCESSES',
        'sym:src/repositories/token.repository.ts#TokenRepository.findByValue',
        'sym:src/db/schema.ts#tokens',
        tuple(
          tuple(
            'op',
            'read',
          ),
          tuple(
            'resolution',
            'exact',
          ),
        ),
      ),
      tuple(
        'ACCESSES',
        'sym:src/repositories/token.repository.ts#TokenRepository.insert',
        'sym:src/db/schema.ts#tokens',
        tuple(
          tuple(
            'op',
            'write',
          ),
          tuple(
            'resolution',
            'exact',
          ),
        ),
      ),
      tuple(
        'ACCESSES',
        'sym:src/repositories/token.repository.ts#TokenRepository.markConsumed',
        'sym:src/db/schema.ts#tokens',
        tuple(
          tuple(
            'op',
            'write',
          ),
          tuple(
            'resolution',
            'exact',
          ),
        ),
      ),
      tuple(
        'ACCESSES',
        'sym:src/repositories/user.repository.ts#UserRepository.create',
        'sym:src/db/schema.ts#users',
        tuple(
          tuple(
            'op',
            'write',
          ),
          tuple(
            'resolution',
            'exact',
          ),
        ),
      ),
      tuple(
        'ACCESSES',
        'sym:src/repositories/user.repository.ts#UserRepository.findByEmail',
        'sym:src/db/schema.ts#users',
        tuple(
          tuple(
            'op',
            'read',
          ),
          tuple(
            'resolution',
            'exact',
          ),
        ),
      ),
      tuple(
        'ACCESSES',
        'sym:src/repositories/user.repository.ts#UserRepository.findById',
        'sym:src/db/schema.ts#users',
        tuple(
          tuple(
            'op',
            'read',
          ),
          tuple(
            'resolution',
            'exact',
          ),
        ),
      ),
      tuple(
        'ACCESSES',
        'sym:src/repositories/user.repository.ts#UserRepository.update',
        'sym:src/db/schema.ts#users',
        tuple(
          tuple(
            'op',
            'write',
          ),
          tuple(
            'resolution',
            'exact',
          ),
        ),
      ),
      tuple(
        'CALLS',
        'sym:src/controllers/auth.controller.ts#AuthController.register',
        'sym:src/services/email-verification.service.ts#EmailVerificationService.sendVerification',
        tuple(
          tuple(
            'count',
            '1',
          ),
          tuple(
            'resolution',
            'exact',
          ),
        ),
      ),
      tuple(
        'CALLS',
        'sym:src/controllers/auth.controller.ts#AuthController.register',
        'sym:src/services/user.service.ts#UserService.register',
        tuple(
          tuple(
            'count',
            '1',
          ),
          tuple(
            'resolution',
            'exact',
          ),
        ),
      ),
      tuple(
        'CALLS',
        'sym:src/controllers/auth.controller.ts#AuthController.requestPasswordReset',
        'sym:src/services/password-reset.service.ts#PasswordResetService.requestReset',
        tuple(
          tuple(
            'count',
            '1',
          ),
          tuple(
            'resolution',
            'exact',
          ),
        ),
      ),
      tuple(
        'CALLS',
        'sym:src/controllers/auth.controller.ts#AuthController.resetPassword',
        'sym:src/services/password-reset.service.ts#PasswordResetService.resetPassword',
        tuple(
          tuple(
            'count',
            '1',
          ),
          tuple(
            'resolution',
            'exact',
          ),
        ),
      ),
      tuple(
        'CALLS',
        'sym:src/controllers/auth.controller.ts#AuthController.verifyEmail',
        'sym:src/services/email-verification.service.ts#EmailVerificationService.verify',
        tuple(
          tuple(
            'count',
            '1',
          ),
          tuple(
            'resolution',
            'exact',
          ),
        ),
      ),
      tuple(
        'CALLS',
        'sym:src/controllers/team.controller.ts#TeamController.addMember',
        'sym:src/services/team.service.ts#TeamService.addMember',
        tuple(
          tuple(
            'count',
            '1',
          ),
          tuple(
            'resolution',
            'exact',
          ),
        ),
      ),
      tuple(
        'CALLS',
        'sym:src/controllers/team.controller.ts#TeamController.create',
        'sym:src/services/team.service.ts#TeamService.createTeam',
        tuple(
          tuple(
            'count',
            '1',
          ),
          tuple(
            'resolution',
            'exact',
          ),
        ),
      ),
      tuple(
        'CALLS',
        'sym:src/controllers/team.controller.ts#TeamController.get',
        'sym:src/services/team.service.ts#TeamService.getTeam',
        tuple(
          tuple(
            'count',
            '1',
          ),
          tuple(
            'resolution',
            'exact',
          ),
        ),
      ),
      tuple(
        'CALLS',
        'sym:src/controllers/team.controller.ts#TeamController.listMembers',
        'sym:src/services/team.service.ts#TeamService.listMembers',
        tuple(
          tuple(
            'count',
            '1',
          ),
          tuple(
            'resolution',
            'exact',
          ),
        ),
      ),
      tuple(
        'CALLS',
        'sym:src/controllers/user.controller.ts#UserController.me',
        'sym:src/services/user.service.ts#UserService.getProfile',
        tuple(
          tuple(
            'count',
            '1',
          ),
          tuple(
            'resolution',
            'exact',
          ),
        ),
      ),
      tuple(
        'CALLS',
        'sym:src/controllers/user.controller.ts#UserController.updateProfile',
        'sym:src/repositories/user.repository.ts#UserRepository.update',
        tuple(
          tuple(
            'count',
            '1',
          ),
          tuple(
            'resolution',
            'exact',
          ),
        ),
      ),
      tuple(
        'CALLS',
        'sym:src/routes/auth.routes.ts#route:POST /auth/password-reset',
        'sym:src/controllers/auth.controller.ts#AuthController.requestPasswordReset',
        tuple(
          tuple(
            'count',
            '1',
          ),
          tuple(
            'resolution',
            'exact',
          ),
        ),
      ),
      tuple(
        'CALLS',
        'sym:src/routes/auth.routes.ts#route:POST /auth/password-reset',
        'sym:src/middleware/validate.middleware.ts#validate',
        tuple(
          tuple(
            'count',
            '1',
          ),
          tuple(
            'resolution',
            'exact',
          ),
        ),
      ),
      tuple(
        'CALLS',
        'sym:src/routes/auth.routes.ts#route:POST /auth/password-reset/confirm',
        'sym:src/controllers/auth.controller.ts#AuthController.resetPassword',
        tuple(
          tuple(
            'count',
            '1',
          ),
          tuple(
            'resolution',
            'exact',
          ),
        ),
      ),
      tuple(
        'CALLS',
        'sym:src/routes/auth.routes.ts#route:POST /auth/password-reset/confirm',
        'sym:src/middleware/validate.middleware.ts#validate',
        tuple(
          tuple(
            'count',
            '1',
          ),
          tuple(
            'resolution',
            'exact',
          ),
        ),
      ),
      tuple(
        'CALLS',
        'sym:src/routes/auth.routes.ts#route:POST /auth/register',
        'sym:src/controllers/auth.controller.ts#AuthController.register',
        tuple(
          tuple(
            'count',
            '1',
          ),
          tuple(
            'resolution',
            'exact',
          ),
        ),
      ),
      tuple(
        'CALLS',
        'sym:src/routes/auth.routes.ts#route:POST /auth/register',
        'sym:src/middleware/validate.middleware.ts#validate',
        tuple(
          tuple(
            'count',
            '1',
          ),
          tuple(
            'resolution',
            'exact',
          ),
        ),
      ),
      tuple(
        'CALLS',
        'sym:src/routes/auth.routes.ts#route:POST /auth/verify-email',
        'sym:src/controllers/auth.controller.ts#AuthController.verifyEmail',
        tuple(
          tuple(
            'count',
            '1',
          ),
          tuple(
            'resolution',
            'exact',
          ),
        ),
      ),
      tuple(
        'CALLS',
        'sym:src/routes/auth.routes.ts#route:POST /auth/verify-email',
        'sym:src/middleware/validate.middleware.ts#validate',
        tuple(
          tuple(
            'count',
            '1',
          ),
          tuple(
            'resolution',
            'exact',
          ),
        ),
      ),
      tuple(
        'CALLS',
        'sym:src/routes/teams.routes.ts#route:GET /teams/:id',
        'sym:src/controllers/team.controller.ts#TeamController.get',
        tuple(
          tuple(
            'count',
            '1',
          ),
          tuple(
            'resolution',
            'exact',
          ),
        ),
      ),
      tuple(
        'CALLS',
        'sym:src/routes/teams.routes.ts#route:GET /teams/:id/members',
        'sym:src/controllers/team.controller.ts#TeamController.listMembers',
        tuple(
          tuple(
            'count',
            '1',
          ),
          tuple(
            'resolution',
            'exact',
          ),
        ),
      ),
      tuple(
        'CALLS',
        'sym:src/routes/teams.routes.ts#route:POST /teams',
        'sym:src/controllers/team.controller.ts#TeamController.create',
        tuple(
          tuple(
            'count',
            '1',
          ),
          tuple(
            'resolution',
            'exact',
          ),
        ),
      ),
      tuple(
        'CALLS',
        'sym:src/routes/teams.routes.ts#route:POST /teams',
        'sym:src/middleware/validate.middleware.ts#validate',
        tuple(
          tuple(
            'count',
            '1',
          ),
          tuple(
            'resolution',
            'exact',
          ),
        ),
      ),
      tuple(
        'CALLS',
        'sym:src/routes/teams.routes.ts#route:POST /teams/:id/members',
        'sym:src/controllers/team.controller.ts#TeamController.addMember',
        tuple(
          tuple(
            'count',
            '1',
          ),
          tuple(
            'resolution',
            'exact',
          ),
        ),
      ),
      tuple(
        'CALLS',
        'sym:src/routes/teams.routes.ts#route:POST /teams/:id/members',
        'sym:src/middleware/validate.middleware.ts#validate',
        tuple(
          tuple(
            'count',
            '1',
          ),
          tuple(
            'resolution',
            'exact',
          ),
        ),
      ),
      tuple(
        'CALLS',
        'sym:src/routes/users.routes.ts#route:GET /me',
        'sym:src/controllers/user.controller.ts#UserController.me',
        tuple(
          tuple(
            'count',
            '1',
          ),
          tuple(
            'resolution',
            'exact',
          ),
        ),
      ),
      tuple(
        'CALLS',
        'sym:src/routes/users.routes.ts#route:PATCH /me',
        'sym:src/controllers/user.controller.ts#UserController.updateProfile',
        tuple(
          tuple(
            'count',
            '1',
          ),
          tuple(
            'resolution',
            'exact',
          ),
        ),
      ),
      tuple(
        'CALLS',
        'sym:src/services/email-verification.service.ts#EmailVerificationService.sendVerification',
        'sym:src/services/email.service.ts#EmailService.sendTemplate',
        tuple(
          tuple(
            'count',
            '1',
          ),
          tuple(
            'resolution',
            'exact',
          ),
        ),
      ),
      tuple(
        'CALLS',
        'sym:src/services/email-verification.service.ts#EmailVerificationService.sendVerification',
        'sym:src/services/token.service.ts#TokenService.create',
        tuple(
          tuple(
            'count',
            '1',
          ),
          tuple(
            'resolution',
            'exact',
          ),
        ),
      ),
      tuple(
        'CALLS',
        'sym:src/services/email-verification.service.ts#EmailVerificationService.verify',
        'sym:src/repositories/user.repository.ts#UserRepository.update',
        tuple(
          tuple(
            'count',
            '1',
          ),
          tuple(
            'resolution',
            'exact',
          ),
        ),
      ),
      tuple(
        'CALLS',
        'sym:src/services/email-verification.service.ts#EmailVerificationService.verify',
        'sym:src/services/token.service.ts#TokenService.consume',
        tuple(
          tuple(
            'count',
            '1',
          ),
          tuple(
            'resolution',
            'exact',
          ),
        ),
      ),
      tuple(
        'CALLS',
        'sym:src/services/email.service.ts#EmailService.sendTemplate',
        'sym:src/integrations/email.integration.ts#EmailClient.send',
        tuple(
          tuple(
            'count',
            '1',
          ),
          tuple(
            'resolution',
            'exact',
          ),
        ),
      ),
      tuple(
        'CALLS',
        'sym:src/services/password-reset.service.ts#PasswordResetService.requestReset',
        'sym:src/repositories/user.repository.ts#UserRepository.findByEmail',
        tuple(
          tuple(
            'count',
            '1',
          ),
          tuple(
            'resolution',
            'exact',
          ),
        ),
      ),
      tuple(
        'CALLS',
        'sym:src/services/password-reset.service.ts#PasswordResetService.requestReset',
        'sym:src/services/email.service.ts#EmailService.sendTemplate',
        tuple(
          tuple(
            'count',
            '1',
          ),
          tuple(
            'resolution',
            'exact',
          ),
        ),
      ),
      tuple(
        'CALLS',
        'sym:src/services/password-reset.service.ts#PasswordResetService.requestReset',
        'sym:src/services/token.service.ts#TokenService.create',
        tuple(
          tuple(
            'count',
            '1',
          ),
          tuple(
            'resolution',
            'exact',
          ),
        ),
      ),
      tuple(
        'CALLS',
        'sym:src/services/password-reset.service.ts#PasswordResetService.resetPassword',
        'sym:src/repositories/user.repository.ts#UserRepository.update',
        tuple(
          tuple(
            'count',
            '1',
          ),
          tuple(
            'resolution',
            'exact',
          ),
        ),
      ),
      tuple(
        'CALLS',
        'sym:src/services/password-reset.service.ts#PasswordResetService.resetPassword',
        'sym:src/services/token.service.ts#TokenService.consume',
        tuple(
          tuple(
            'count',
            '1',
          ),
          tuple(
            'resolution',
            'exact',
          ),
        ),
      ),
      tuple(
        'CALLS',
        'sym:src/services/team.service.ts#TeamService.addMember',
        'sym:src/repositories/team.repository.ts#TeamRepository.addMember',
        tuple(
          tuple(
            'count',
            '1',
          ),
          tuple(
            'resolution',
            'exact',
          ),
        ),
      ),
      tuple(
        'CALLS',
        'sym:src/services/team.service.ts#TeamService.addMember',
        'sym:src/repositories/user.repository.ts#UserRepository.findById',
        tuple(
          tuple(
            'count',
            '1',
          ),
          tuple(
            'resolution',
            'exact',
          ),
        ),
      ),
      tuple(
        'CALLS',
        'sym:src/services/team.service.ts#TeamService.createTeam',
        'sym:src/repositories/team.repository.ts#TeamRepository.addMember',
        tuple(
          tuple(
            'count',
            '1',
          ),
          tuple(
            'resolution',
            'exact',
          ),
        ),
      ),
      tuple(
        'CALLS',
        'sym:src/services/team.service.ts#TeamService.createTeam',
        'sym:src/repositories/team.repository.ts#TeamRepository.create',
        tuple(
          tuple(
            'count',
            '1',
          ),
          tuple(
            'resolution',
            'exact',
          ),
        ),
      ),
      tuple(
        'CALLS',
        'sym:src/services/team.service.ts#TeamService.getTeam',
        'sym:src/repositories/team.repository.ts#TeamRepository.findById',
        tuple(
          tuple(
            'count',
            '1',
          ),
          tuple(
            'resolution',
            'exact',
          ),
        ),
      ),
      tuple(
        'CALLS',
        'sym:src/services/team.service.ts#TeamService.listMembers',
        'sym:src/repositories/team.repository.ts#TeamRepository.listMembers',
        tuple(
          tuple(
            'count',
            '1',
          ),
          tuple(
            'resolution',
            'exact',
          ),
        ),
      ),
      tuple(
        'CALLS',
        'sym:src/services/token.service.ts#TokenService.consume',
        'sym:src/repositories/token.repository.ts#TokenRepository.markConsumed',
        tuple(
          tuple(
            'count',
            '1',
          ),
          tuple(
            'resolution',
            'exact',
          ),
        ),
      ),
      tuple(
        'CALLS',
        'sym:src/services/token.service.ts#TokenService.create',
        'sym:src/repositories/token.repository.ts#TokenRepository.insert',
        tuple(
          tuple(
            'count',
            '1',
          ),
          tuple(
            'resolution',
            'exact',
          ),
        ),
      ),
      tuple(
        'CALLS',
        'sym:src/services/token.service.ts#TokenService.expire',
        'sym:src/repositories/token.repository.ts#TokenRepository.deleteExpired',
        tuple(
          tuple(
            'count',
            '1',
          ),
          tuple(
            'resolution',
            'exact',
          ),
        ),
      ),
      tuple(
        'CALLS',
        'sym:src/services/token.service.ts#TokenService.validate',
        'sym:src/repositories/token.repository.ts#TokenRepository.findByValue',
        tuple(
          tuple(
            'count',
            '1',
          ),
          tuple(
            'resolution',
            'exact',
          ),
        ),
      ),
      tuple(
        'CALLS',
        'sym:src/services/user.service.ts#UserService.getProfile',
        'sym:src/repositories/user.repository.ts#UserRepository.findById',
        tuple(
          tuple(
            'count',
            '1',
          ),
          tuple(
            'resolution',
            'exact',
          ),
        ),
      ),
      tuple(
        'CALLS',
        'sym:src/services/user.service.ts#UserService.register',
        'sym:src/repositories/user.repository.ts#UserRepository.create',
        tuple(
          tuple(
            'count',
            '1',
          ),
          tuple(
            'resolution',
            'exact',
          ),
        ),
      ),
      tuple(
        'COVERS',
        'file:tests/password-reset.service.test.ts',
        'sym:src/repositories/user.repository.ts#UserRepository',
        tuple(
        ),
      ),
      tuple(
        'COVERS',
        'file:tests/password-reset.service.test.ts',
        'sym:src/services/email.service.ts#EmailService',
        tuple(
        ),
      ),
      tuple(
        'COVERS',
        'file:tests/password-reset.service.test.ts',
        'sym:src/services/password-reset.service.ts#PasswordResetService',
        tuple(
        ),
      ),
      tuple(
        'COVERS',
        'file:tests/password-reset.service.test.ts',
        'sym:src/services/token.service.ts#TokenService',
        tuple(
        ),
      ),
      tuple(
        'COVERS',
        'file:tests/team.service.test.ts',
        'sym:src/repositories/team.repository.ts#TeamRepository',
        tuple(
        ),
      ),
      tuple(
        'COVERS',
        'file:tests/team.service.test.ts',
        'sym:src/repositories/user.repository.ts#UserRepository',
        tuple(
        ),
      ),
      tuple(
        'COVERS',
        'file:tests/team.service.test.ts',
        'sym:src/services/team.service.ts#TeamService',
        tuple(
        ),
      ),
      tuple(
        'COVERS',
        'file:tests/token.service.test.ts',
        'sym:src/repositories/token.repository.ts#TokenRepository',
        tuple(
        ),
      ),
      tuple(
        'COVERS',
        'file:tests/token.service.test.ts',
        'sym:src/services/token.service.ts#TokenService',
        tuple(
        ),
      ),
      tuple(
        'DEPENDS_ON',
        'mod:src',
        'mod:src/controllers',
        tuple(
          tuple(
            'weight',
            '3',
          ),
        ),
      ),
      tuple(
        'DEPENDS_ON',
        'mod:src',
        'mod:src/integrations',
        tuple(
          tuple(
            'weight',
            '1',
          ),
        ),
      ),
      tuple(
        'DEPENDS_ON',
        'mod:src',
        'mod:src/middleware',
        tuple(
          tuple(
            'weight',
            '1',
          ),
        ),
      ),
      tuple(
        'DEPENDS_ON',
        'mod:src',
        'mod:src/repositories',
        tuple(
          tuple(
            'weight',
            '3',
          ),
        ),
      ),
      tuple(
        'DEPENDS_ON',
        'mod:src',
        'mod:src/routes',
        tuple(
          tuple(
            'weight',
            '3',
          ),
        ),
      ),
      tuple(
        'DEPENDS_ON',
        'mod:src',
        'mod:src/services',
        tuple(
          tuple(
            'weight',
            '6',
          ),
        ),
      ),
      tuple(
        'DEPENDS_ON',
        'mod:src/controllers',
        'mod:src/repositories',
        tuple(
          tuple(
            'weight',
            '1',
          ),
        ),
      ),
      tuple(
        'DEPENDS_ON',
        'mod:src/controllers',
        'mod:src/services',
        tuple(
          tuple(
            'weight',
            '5',
          ),
        ),
      ),
      tuple(
        'DEPENDS_ON',
        'mod:src/middleware',
        'mod:src/errors',
        tuple(
          tuple(
            'weight',
            '2',
          ),
        ),
      ),
      tuple(
        'DEPENDS_ON',
        'mod:src/repositories',
        'mod:src/db',
        tuple(
          tuple(
            'weight',
            '6',
          ),
        ),
      ),
      tuple(
        'DEPENDS_ON',
        'mod:src/routes',
        'mod:src/controllers',
        tuple(
          tuple(
            'weight',
            '3',
          ),
        ),
      ),
      tuple(
        'DEPENDS_ON',
        'mod:src/routes',
        'mod:src/middleware',
        tuple(
          tuple(
            'weight',
            '4',
          ),
        ),
      ),
      tuple(
        'DEPENDS_ON',
        'mod:src/routes',
        'mod:src/validators',
        tuple(
          tuple(
            'weight',
            '2',
          ),
        ),
      ),
      tuple(
        'DEPENDS_ON',
        'mod:src/services',
        'mod:src/errors',
        tuple(
          tuple(
            'weight',
            '3',
          ),
        ),
      ),
      tuple(
        'DEPENDS_ON',
        'mod:src/services',
        'mod:src/integrations',
        tuple(
          tuple(
            'weight',
            '1',
          ),
        ),
      ),
      tuple(
        'DEPENDS_ON',
        'mod:src/services',
        'mod:src/repositories',
        tuple(
          tuple(
            'weight',
            '6',
          ),
        ),
      ),
      tuple(
        'DEPENDS_ON',
        'mod:tests',
        'mod:src/repositories',
        tuple(
          tuple(
            'weight',
            '4',
          ),
        ),
      ),
      tuple(
        'DEPENDS_ON',
        'mod:tests',
        'mod:src/services',
        tuple(
          tuple(
            'weight',
            '5',
          ),
        ),
      ),
      tuple(
        'EXTENDS',
        'sym:src/errors/app-error.ts#ExpiredTokenError',
        'sym:src/errors/app-error.ts#AppError',
        tuple(
          tuple(
            'resolution',
            'exact',
          ),
        ),
      ),
      tuple(
        'EXTENDS',
        'sym:src/errors/app-error.ts#NotFoundError',
        'sym:src/errors/app-error.ts#AppError',
        tuple(
          tuple(
            'resolution',
            'exact',
          ),
        ),
      ),
      tuple(
        'EXTENDS',
        'sym:src/errors/app-error.ts#ValidationError',
        'sym:src/errors/app-error.ts#AppError',
        tuple(
          tuple(
            'resolution',
            'exact',
          ),
        ),
      ),
      tuple(
        'HANDLES',
        'sym:src/routes/auth.routes.ts#route:POST /auth/password-reset',
        'sym:src/controllers/auth.controller.ts#AuthController.requestPasswordReset',
        tuple(
          tuple(
            'http_method',
            'POST',
          ),
          tuple(
            'http_path',
            '/auth/password-reset',
          ),
        ),
      ),
      tuple(
        'HANDLES',
        'sym:src/routes/auth.routes.ts#route:POST /auth/password-reset/confirm',
        'sym:src/controllers/auth.controller.ts#AuthController.resetPassword',
        tuple(
          tuple(
            'http_method',
            'POST',
          ),
          tuple(
            'http_path',
            '/auth/password-reset/confirm',
          ),
        ),
      ),
      tuple(
        'HANDLES',
        'sym:src/routes/auth.routes.ts#route:POST /auth/register',
        'sym:src/controllers/auth.controller.ts#AuthController.register',
        tuple(
          tuple(
            'http_method',
            'POST',
          ),
          tuple(
            'http_path',
            '/auth/register',
          ),
        ),
      ),
      tuple(
        'HANDLES',
        'sym:src/routes/auth.routes.ts#route:POST /auth/verify-email',
        'sym:src/controllers/auth.controller.ts#AuthController.verifyEmail',
        tuple(
          tuple(
            'http_method',
            'POST',
          ),
          tuple(
            'http_path',
            '/auth/verify-email',
          ),
        ),
      ),
      tuple(
        'HANDLES',
        'sym:src/routes/teams.routes.ts#route:GET /teams/:id',
        'sym:src/controllers/team.controller.ts#TeamController.get',
        tuple(
          tuple(
            'http_method',
            'GET',
          ),
          tuple(
            'http_path',
            '/teams/:id',
          ),
        ),
      ),
      tuple(
        'HANDLES',
        'sym:src/routes/teams.routes.ts#route:GET /teams/:id/members',
        'sym:src/controllers/team.controller.ts#TeamController.listMembers',
        tuple(
          tuple(
            'http_method',
            'GET',
          ),
          tuple(
            'http_path',
            '/teams/:id/members',
          ),
        ),
      ),
      tuple(
        'HANDLES',
        'sym:src/routes/teams.routes.ts#route:POST /teams',
        'sym:src/controllers/team.controller.ts#TeamController.create',
        tuple(
          tuple(
            'http_method',
            'POST',
          ),
          tuple(
            'http_path',
            '/teams',
          ),
        ),
      ),
      tuple(
        'HANDLES',
        'sym:src/routes/teams.routes.ts#route:POST /teams/:id/members',
        'sym:src/controllers/team.controller.ts#TeamController.addMember',
        tuple(
          tuple(
            'http_method',
            'POST',
          ),
          tuple(
            'http_path',
            '/teams/:id/members',
          ),
        ),
      ),
      tuple(
        'HANDLES',
        'sym:src/routes/users.routes.ts#route:GET /me',
        'sym:src/controllers/user.controller.ts#UserController.me',
        tuple(
          tuple(
            'http_method',
            'GET',
          ),
          tuple(
            'http_path',
            '/me',
          ),
        ),
      ),
      tuple(
        'HANDLES',
        'sym:src/routes/users.routes.ts#route:PATCH /me',
        'sym:src/controllers/user.controller.ts#UserController.updateProfile',
        tuple(
          tuple(
            'http_method',
            'PATCH',
          ),
          tuple(
            'http_path',
            '/me',
          ),
        ),
      ),
      tuple(
        'HAS_MEMBER',
        'sym:src/controllers/auth.controller.ts#AuthController',
        'sym:src/controllers/auth.controller.ts#AuthController.register',
        tuple(
        ),
      ),
      tuple(
        'HAS_MEMBER',
        'sym:src/controllers/auth.controller.ts#AuthController',
        'sym:src/controllers/auth.controller.ts#AuthController.requestPasswordReset',
        tuple(
        ),
      ),
      tuple(
        'HAS_MEMBER',
        'sym:src/controllers/auth.controller.ts#AuthController',
        'sym:src/controllers/auth.controller.ts#AuthController.resetPassword',
        tuple(
        ),
      ),
      tuple(
        'HAS_MEMBER',
        'sym:src/controllers/auth.controller.ts#AuthController',
        'sym:src/controllers/auth.controller.ts#AuthController.verifyEmail',
        tuple(
        ),
      ),
      tuple(
        'HAS_MEMBER',
        'sym:src/controllers/team.controller.ts#TeamController',
        'sym:src/controllers/team.controller.ts#TeamController.addMember',
        tuple(
        ),
      ),
      tuple(
        'HAS_MEMBER',
        'sym:src/controllers/team.controller.ts#TeamController',
        'sym:src/controllers/team.controller.ts#TeamController.create',
        tuple(
        ),
      ),
      tuple(
        'HAS_MEMBER',
        'sym:src/controllers/team.controller.ts#TeamController',
        'sym:src/controllers/team.controller.ts#TeamController.get',
        tuple(
        ),
      ),
      tuple(
        'HAS_MEMBER',
        'sym:src/controllers/team.controller.ts#TeamController',
        'sym:src/controllers/team.controller.ts#TeamController.listMembers',
        tuple(
        ),
      ),
      tuple(
        'HAS_MEMBER',
        'sym:src/controllers/user.controller.ts#UserController',
        'sym:src/controllers/user.controller.ts#UserController.me',
        tuple(
        ),
      ),
      tuple(
        'HAS_MEMBER',
        'sym:src/controllers/user.controller.ts#UserController',
        'sym:src/controllers/user.controller.ts#UserController.updateProfile',
        tuple(
        ),
      ),
      tuple(
        'HAS_MEMBER',
        'sym:src/integrations/email.integration.ts#EmailClient',
        'sym:src/integrations/email.integration.ts#EmailClient.send',
        tuple(
        ),
      ),
      tuple(
        'HAS_MEMBER',
        'sym:src/repositories/team.repository.ts#TeamRepository',
        'sym:src/repositories/team.repository.ts#TeamRepository.addMember',
        tuple(
        ),
      ),
      tuple(
        'HAS_MEMBER',
        'sym:src/repositories/team.repository.ts#TeamRepository',
        'sym:src/repositories/team.repository.ts#TeamRepository.create',
        tuple(
        ),
      ),
      tuple(
        'HAS_MEMBER',
        'sym:src/repositories/team.repository.ts#TeamRepository',
        'sym:src/repositories/team.repository.ts#TeamRepository.findById',
        tuple(
        ),
      ),
      tuple(
        'HAS_MEMBER',
        'sym:src/repositories/team.repository.ts#TeamRepository',
        'sym:src/repositories/team.repository.ts#TeamRepository.listMembers',
        tuple(
        ),
      ),
      tuple(
        'HAS_MEMBER',
        'sym:src/repositories/token.repository.ts#TokenRepository',
        'sym:src/repositories/token.repository.ts#TokenRepository.deleteExpired',
        tuple(
        ),
      ),
      tuple(
        'HAS_MEMBER',
        'sym:src/repositories/token.repository.ts#TokenRepository',
        'sym:src/repositories/token.repository.ts#TokenRepository.findByValue',
        tuple(
        ),
      ),
      tuple(
        'HAS_MEMBER',
        'sym:src/repositories/token.repository.ts#TokenRepository',
        'sym:src/repositories/token.repository.ts#TokenRepository.insert',
        tuple(
        ),
      ),
      tuple(
        'HAS_MEMBER',
        'sym:src/repositories/token.repository.ts#TokenRepository',
        'sym:src/repositories/token.repository.ts#TokenRepository.markConsumed',
        tuple(
        ),
      ),
      tuple(
        'HAS_MEMBER',
        'sym:src/repositories/user.repository.ts#UserRepository',
        'sym:src/repositories/user.repository.ts#UserRepository.create',
        tuple(
        ),
      ),
      tuple(
        'HAS_MEMBER',
        'sym:src/repositories/user.repository.ts#UserRepository',
        'sym:src/repositories/user.repository.ts#UserRepository.findByEmail',
        tuple(
        ),
      ),
      tuple(
        'HAS_MEMBER',
        'sym:src/repositories/user.repository.ts#UserRepository',
        'sym:src/repositories/user.repository.ts#UserRepository.findById',
        tuple(
        ),
      ),
      tuple(
        'HAS_MEMBER',
        'sym:src/repositories/user.repository.ts#UserRepository',
        'sym:src/repositories/user.repository.ts#UserRepository.update',
        tuple(
        ),
      ),
      tuple(
        'HAS_MEMBER',
        'sym:src/services/email-verification.service.ts#EmailVerificationService',
        'sym:src/services/email-verification.service.ts#EmailVerificationService.sendVerification',
        tuple(
        ),
      ),
      tuple(
        'HAS_MEMBER',
        'sym:src/services/email-verification.service.ts#EmailVerificationService',
        'sym:src/services/email-verification.service.ts#EmailVerificationService.verify',
        tuple(
        ),
      ),
      tuple(
        'HAS_MEMBER',
        'sym:src/services/email.service.ts#EmailService',
        'sym:src/services/email.service.ts#EmailService.sendTemplate',
        tuple(
        ),
      ),
      tuple(
        'HAS_MEMBER',
        'sym:src/services/password-reset.service.ts#PasswordResetService',
        'sym:src/services/password-reset.service.ts#PasswordResetService.requestReset',
        tuple(
        ),
      ),
      tuple(
        'HAS_MEMBER',
        'sym:src/services/password-reset.service.ts#PasswordResetService',
        'sym:src/services/password-reset.service.ts#PasswordResetService.resetPassword',
        tuple(
        ),
      ),
      tuple(
        'HAS_MEMBER',
        'sym:src/services/team.service.ts#TeamService',
        'sym:src/services/team.service.ts#TeamService.addMember',
        tuple(
        ),
      ),
      tuple(
        'HAS_MEMBER',
        'sym:src/services/team.service.ts#TeamService',
        'sym:src/services/team.service.ts#TeamService.createTeam',
        tuple(
        ),
      ),
      tuple(
        'HAS_MEMBER',
        'sym:src/services/team.service.ts#TeamService',
        'sym:src/services/team.service.ts#TeamService.getTeam',
        tuple(
        ),
      ),
      tuple(
        'HAS_MEMBER',
        'sym:src/services/team.service.ts#TeamService',
        'sym:src/services/team.service.ts#TeamService.listMembers',
        tuple(
        ),
      ),
      tuple(
        'HAS_MEMBER',
        'sym:src/services/token.service.ts#TokenService',
        'sym:src/services/token.service.ts#TokenService.consume',
        tuple(
        ),
      ),
      tuple(
        'HAS_MEMBER',
        'sym:src/services/token.service.ts#TokenService',
        'sym:src/services/token.service.ts#TokenService.create',
        tuple(
        ),
      ),
      tuple(
        'HAS_MEMBER',
        'sym:src/services/token.service.ts#TokenService',
        'sym:src/services/token.service.ts#TokenService.expire',
        tuple(
        ),
      ),
      tuple(
        'HAS_MEMBER',
        'sym:src/services/token.service.ts#TokenService',
        'sym:src/services/token.service.ts#TokenService.validate',
        tuple(
        ),
      ),
      tuple(
        'HAS_MEMBER',
        'sym:src/services/user.service.ts#UserService',
        'sym:src/services/user.service.ts#UserService.getProfile',
        tuple(
        ),
      ),
      tuple(
        'HAS_MEMBER',
        'sym:src/services/user.service.ts#UserService',
        'sym:src/services/user.service.ts#UserService.register',
        tuple(
        ),
      ),
      tuple(
        'IMPORTS',
        'file:src/controllers/auth.controller.ts',
        'file:src/services/email-verification.service.ts',
        tuple(
          tuple(
            'names',
            "['EmailVerificationService']",
          ),
        ),
      ),
      tuple(
        'IMPORTS',
        'file:src/controllers/auth.controller.ts',
        'file:src/services/password-reset.service.ts',
        tuple(
          tuple(
            'names',
            "['PasswordResetService']",
          ),
        ),
      ),
      tuple(
        'IMPORTS',
        'file:src/controllers/auth.controller.ts',
        'file:src/services/user.service.ts',
        tuple(
          tuple(
            'names',
            "['UserService']",
          ),
        ),
      ),
      tuple(
        'IMPORTS',
        'file:src/controllers/team.controller.ts',
        'file:src/services/team.service.ts',
        tuple(
          tuple(
            'names',
            "['TeamService']",
          ),
        ),
      ),
      tuple(
        'IMPORTS',
        'file:src/controllers/user.controller.ts',
        'file:src/repositories/user.repository.ts',
        tuple(
          tuple(
            'names',
            "['UserRepository']",
          ),
        ),
      ),
      tuple(
        'IMPORTS',
        'file:src/controllers/user.controller.ts',
        'file:src/services/user.service.ts',
        tuple(
          tuple(
            'names',
            "['UserService']",
          ),
        ),
      ),
      tuple(
        'IMPORTS',
        'file:src/index.ts',
        'file:src/controllers/auth.controller.ts',
        tuple(
          tuple(
            'names',
            "['AuthController']",
          ),
        ),
      ),
      tuple(
        'IMPORTS',
        'file:src/index.ts',
        'file:src/controllers/team.controller.ts',
        tuple(
          tuple(
            'names',
            "['TeamController']",
          ),
        ),
      ),
      tuple(
        'IMPORTS',
        'file:src/index.ts',
        'file:src/controllers/user.controller.ts',
        tuple(
          tuple(
            'names',
            "['UserController']",
          ),
        ),
      ),
      tuple(
        'IMPORTS',
        'file:src/index.ts',
        'file:src/integrations/email.integration.ts',
        tuple(
          tuple(
            'names',
            "['EmailClient']",
          ),
        ),
      ),
      tuple(
        'IMPORTS',
        'file:src/index.ts',
        'file:src/middleware/error.middleware.ts',
        tuple(
          tuple(
            'names',
            "['errorMiddleware']",
          ),
        ),
      ),
      tuple(
        'IMPORTS',
        'file:src/index.ts',
        'file:src/repositories/team.repository.ts',
        tuple(
          tuple(
            'names',
            "['TeamRepository']",
          ),
        ),
      ),
      tuple(
        'IMPORTS',
        'file:src/index.ts',
        'file:src/repositories/token.repository.ts',
        tuple(
          tuple(
            'names',
            "['TokenRepository']",
          ),
        ),
      ),
      tuple(
        'IMPORTS',
        'file:src/index.ts',
        'file:src/repositories/user.repository.ts',
        tuple(
          tuple(
            'names',
            "['UserRepository']",
          ),
        ),
      ),
      tuple(
        'IMPORTS',
        'file:src/index.ts',
        'file:src/routes/auth.routes.ts',
        tuple(
          tuple(
            'names',
            "['authRoutes']",
          ),
        ),
      ),
      tuple(
        'IMPORTS',
        'file:src/index.ts',
        'file:src/routes/teams.routes.ts',
        tuple(
          tuple(
            'names',
            "['teamRoutes']",
          ),
        ),
      ),
      tuple(
        'IMPORTS',
        'file:src/index.ts',
        'file:src/routes/users.routes.ts',
        tuple(
          tuple(
            'names',
            "['userRoutes']",
          ),
        ),
      ),
      tuple(
        'IMPORTS',
        'file:src/index.ts',
        'file:src/services/email-verification.service.ts',
        tuple(
          tuple(
            'names',
            "['EmailVerificationService']",
          ),
        ),
      ),
      tuple(
        'IMPORTS',
        'file:src/index.ts',
        'file:src/services/email.service.ts',
        tuple(
          tuple(
            'names',
            "['EmailService']",
          ),
        ),
      ),
      tuple(
        'IMPORTS',
        'file:src/index.ts',
        'file:src/services/password-reset.service.ts',
        tuple(
          tuple(
            'names',
            "['PasswordResetService']",
          ),
        ),
      ),
      tuple(
        'IMPORTS',
        'file:src/index.ts',
        'file:src/services/team.service.ts',
        tuple(
          tuple(
            'names',
            "['TeamService']",
          ),
        ),
      ),
      tuple(
        'IMPORTS',
        'file:src/index.ts',
        'file:src/services/token.service.ts',
        tuple(
          tuple(
            'names',
            "['TokenService']",
          ),
        ),
      ),
      tuple(
        'IMPORTS',
        'file:src/index.ts',
        'file:src/services/user.service.ts',
        tuple(
          tuple(
            'names',
            "['UserService']",
          ),
        ),
      ),
      tuple(
        'IMPORTS',
        'file:src/middleware/error.middleware.ts',
        'file:src/errors/app-error.ts',
        tuple(
          tuple(
            'names',
            "['AppError']",
          ),
        ),
      ),
      tuple(
        'IMPORTS',
        'file:src/middleware/validate.middleware.ts',
        'file:src/errors/app-error.ts',
        tuple(
          tuple(
            'names',
            "['ValidationError']",
          ),
        ),
      ),
      tuple(
        'IMPORTS',
        'file:src/repositories/team.repository.ts',
        'file:src/db/client.ts',
        tuple(
          tuple(
            'names',
            "['db']",
          ),
        ),
      ),
      tuple(
        'IMPORTS',
        'file:src/repositories/team.repository.ts',
        'file:src/db/schema.ts',
        tuple(
          tuple(
            'names',
            "['teamMembers', 'teams']",
          ),
        ),
      ),
      tuple(
        'IMPORTS',
        'file:src/repositories/token.repository.ts',
        'file:src/db/client.ts',
        tuple(
          tuple(
            'names',
            "['db']",
          ),
        ),
      ),
      tuple(
        'IMPORTS',
        'file:src/repositories/token.repository.ts',
        'file:src/db/schema.ts',
        tuple(
          tuple(
            'names',
            "['tokens']",
          ),
        ),
      ),
      tuple(
        'IMPORTS',
        'file:src/repositories/user.repository.ts',
        'file:src/db/client.ts',
        tuple(
          tuple(
            'names',
            "['db']",
          ),
        ),
      ),
      tuple(
        'IMPORTS',
        'file:src/repositories/user.repository.ts',
        'file:src/db/schema.ts',
        tuple(
          tuple(
            'names',
            "['users']",
          ),
        ),
      ),
      tuple(
        'IMPORTS',
        'file:src/routes/auth.routes.ts',
        'file:src/controllers/auth.controller.ts',
        tuple(
          tuple(
            'names',
            "['AuthController']",
          ),
        ),
      ),
      tuple(
        'IMPORTS',
        'file:src/routes/auth.routes.ts',
        'file:src/middleware/validate.middleware.ts',
        tuple(
          tuple(
            'names',
            "['validate']",
          ),
        ),
      ),
      tuple(
        'IMPORTS',
        'file:src/routes/auth.routes.ts',
        'file:src/validators/auth.schema.ts',
        tuple(
          tuple(
            'names',
            "['registerSchema', 'requestResetSchema', 'resetPasswordSchema', 'verifyEmailSchema']",
          ),
        ),
      ),
      tuple(
        'IMPORTS',
        'file:src/routes/teams.routes.ts',
        'file:src/controllers/team.controller.ts',
        tuple(
          tuple(
            'names',
            "['TeamController']",
          ),
        ),
      ),
      tuple(
        'IMPORTS',
        'file:src/routes/teams.routes.ts',
        'file:src/middleware/auth.middleware.ts',
        tuple(
          tuple(
            'names',
            "['requireAuth']",
          ),
        ),
      ),
      tuple(
        'IMPORTS',
        'file:src/routes/teams.routes.ts',
        'file:src/middleware/validate.middleware.ts',
        tuple(
          tuple(
            'names',
            "['validate']",
          ),
        ),
      ),
      tuple(
        'IMPORTS',
        'file:src/routes/teams.routes.ts',
        'file:src/validators/team.schema.ts',
        tuple(
          tuple(
            'names',
            "['addMemberSchema', 'createTeamSchema']",
          ),
        ),
      ),
      tuple(
        'IMPORTS',
        'file:src/routes/users.routes.ts',
        'file:src/controllers/user.controller.ts',
        tuple(
          tuple(
            'names',
            "['UserController']",
          ),
        ),
      ),
      tuple(
        'IMPORTS',
        'file:src/routes/users.routes.ts',
        'file:src/middleware/auth.middleware.ts',
        tuple(
          tuple(
            'names',
            "['requireAuth']",
          ),
        ),
      ),
      tuple(
        'IMPORTS',
        'file:src/services/email-verification.service.ts',
        'file:src/repositories/user.repository.ts',
        tuple(
          tuple(
            'names',
            "['UserRepository']",
          ),
        ),
      ),
      tuple(
        'IMPORTS',
        'file:src/services/email-verification.service.ts',
        'file:src/services/email.service.ts',
        tuple(
          tuple(
            'names',
            "['EmailService']",
          ),
        ),
      ),
      tuple(
        'IMPORTS',
        'file:src/services/email-verification.service.ts',
        'file:src/services/token.service.ts',
        tuple(
          tuple(
            'names',
            "['TokenService']",
          ),
        ),
      ),
      tuple(
        'IMPORTS',
        'file:src/services/email.service.ts',
        'file:src/integrations/email.integration.ts',
        tuple(
          tuple(
            'names',
            "['EmailClient']",
          ),
        ),
      ),
      tuple(
        'IMPORTS',
        'file:src/services/password-reset.service.ts',
        'file:src/repositories/user.repository.ts',
        tuple(
          tuple(
            'names',
            "['UserRepository']",
          ),
        ),
      ),
      tuple(
        'IMPORTS',
        'file:src/services/password-reset.service.ts',
        'file:src/services/email.service.ts',
        tuple(
          tuple(
            'names',
            "['EmailService']",
          ),
        ),
      ),
      tuple(
        'IMPORTS',
        'file:src/services/password-reset.service.ts',
        'file:src/services/token.service.ts',
        tuple(
          tuple(
            'names',
            "['TokenService']",
          ),
        ),
      ),
      tuple(
        'IMPORTS',
        'file:src/services/team.service.ts',
        'file:src/errors/app-error.ts',
        tuple(
          tuple(
            'names',
            "['NotFoundError']",
          ),
        ),
      ),
      tuple(
        'IMPORTS',
        'file:src/services/team.service.ts',
        'file:src/repositories/team.repository.ts',
        tuple(
          tuple(
            'names',
            "['TeamRepository']",
          ),
        ),
      ),
      tuple(
        'IMPORTS',
        'file:src/services/team.service.ts',
        'file:src/repositories/user.repository.ts',
        tuple(
          tuple(
            'names',
            "['UserRepository']",
          ),
        ),
      ),
      tuple(
        'IMPORTS',
        'file:src/services/token.service.ts',
        'file:src/errors/app-error.ts',
        tuple(
          tuple(
            'names',
            "['ExpiredTokenError']",
          ),
        ),
      ),
      tuple(
        'IMPORTS',
        'file:src/services/token.service.ts',
        'file:src/repositories/token.repository.ts',
        tuple(
          tuple(
            'names',
            "['TokenRecord', 'TokenRepository']",
          ),
        ),
      ),
      tuple(
        'IMPORTS',
        'file:src/services/user.service.ts',
        'file:src/errors/app-error.ts',
        tuple(
          tuple(
            'names',
            "['NotFoundError']",
          ),
        ),
      ),
      tuple(
        'IMPORTS',
        'file:src/services/user.service.ts',
        'file:src/repositories/user.repository.ts',
        tuple(
          tuple(
            'names',
            "['UserRepository']",
          ),
        ),
      ),
      tuple(
        'IMPORTS',
        'file:tests/password-reset.service.test.ts',
        'file:src/repositories/user.repository.ts',
        tuple(
          tuple(
            'names',
            "['UserRepository']",
          ),
        ),
      ),
      tuple(
        'IMPORTS',
        'file:tests/password-reset.service.test.ts',
        'file:src/services/email.service.ts',
        tuple(
          tuple(
            'names',
            "['EmailService']",
          ),
        ),
      ),
      tuple(
        'IMPORTS',
        'file:tests/password-reset.service.test.ts',
        'file:src/services/password-reset.service.ts',
        tuple(
          tuple(
            'names',
            "['PasswordResetService']",
          ),
        ),
      ),
      tuple(
        'IMPORTS',
        'file:tests/password-reset.service.test.ts',
        'file:src/services/token.service.ts',
        tuple(
          tuple(
            'names',
            "['TokenService']",
          ),
        ),
      ),
      tuple(
        'IMPORTS',
        'file:tests/team.service.test.ts',
        'file:src/repositories/team.repository.ts',
        tuple(
          tuple(
            'names',
            "['TeamRepository']",
          ),
        ),
      ),
      tuple(
        'IMPORTS',
        'file:tests/team.service.test.ts',
        'file:src/repositories/user.repository.ts',
        tuple(
          tuple(
            'names',
            "['UserRepository']",
          ),
        ),
      ),
      tuple(
        'IMPORTS',
        'file:tests/team.service.test.ts',
        'file:src/services/team.service.ts',
        tuple(
          tuple(
            'names',
            "['TeamService']",
          ),
        ),
      ),
      tuple(
        'IMPORTS',
        'file:tests/token.service.test.ts',
        'file:src/repositories/token.repository.ts',
        tuple(
          tuple(
            'names',
            "['TokenRepository']",
          ),
        ),
      ),
      tuple(
        'IMPORTS',
        'file:tests/token.service.test.ts',
        'file:src/services/token.service.ts',
        tuple(
          tuple(
            'names',
            "['TokenService']",
          ),
        ),
      ),
      tuple(
        'USES',
        'sym:src/controllers/auth.controller.ts#AuthController',
        'sym:src/services/email-verification.service.ts#EmailVerificationService',
        tuple(
          tuple(
            'resolution',
            'exact',
          ),
          tuple(
            'via',
            'constructor',
          ),
        ),
      ),
      tuple(
        'USES',
        'sym:src/controllers/auth.controller.ts#AuthController',
        'sym:src/services/password-reset.service.ts#PasswordResetService',
        tuple(
          tuple(
            'resolution',
            'exact',
          ),
          tuple(
            'via',
            'constructor',
          ),
        ),
      ),
      tuple(
        'USES',
        'sym:src/controllers/auth.controller.ts#AuthController',
        'sym:src/services/user.service.ts#UserService',
        tuple(
          tuple(
            'resolution',
            'exact',
          ),
          tuple(
            'via',
            'constructor',
          ),
        ),
      ),
      tuple(
        'USES',
        'sym:src/controllers/team.controller.ts#TeamController',
        'sym:src/services/team.service.ts#TeamService',
        tuple(
          tuple(
            'resolution',
            'exact',
          ),
          tuple(
            'via',
            'constructor',
          ),
        ),
      ),
      tuple(
        'USES',
        'sym:src/controllers/user.controller.ts#UserController',
        'sym:src/repositories/user.repository.ts#UserRepository',
        tuple(
          tuple(
            'resolution',
            'exact',
          ),
          tuple(
            'via',
            'constructor',
          ),
        ),
      ),
      tuple(
        'USES',
        'sym:src/controllers/user.controller.ts#UserController',
        'sym:src/services/user.service.ts#UserService',
        tuple(
          tuple(
            'resolution',
            'exact',
          ),
          tuple(
            'via',
            'constructor',
          ),
        ),
      ),
      tuple(
        'USES',
        'sym:src/db/client.ts#db',
        'sym:src/db/client.ts#pool',
        tuple(
          tuple(
            'resolution',
            'exact',
          ),
          tuple(
            'via',
            'reference',
          ),
        ),
      ),
      tuple(
        'USES',
        'sym:src/index.ts#email',
        'sym:src/integrations/email.integration.ts#EmailClient',
        tuple(
          tuple(
            'resolution',
            'exact',
          ),
          tuple(
            'via',
            'new',
          ),
        ),
      ),
      tuple(
        'USES',
        'sym:src/index.ts#email',
        'sym:src/services/email.service.ts#EmailService',
        tuple(
          tuple(
            'resolution',
            'exact',
          ),
          tuple(
            'via',
            'new',
          ),
        ),
      ),
      tuple(
        'USES',
        'sym:src/index.ts#passwordReset',
        'sym:src/services/password-reset.service.ts#PasswordResetService',
        tuple(
          tuple(
            'resolution',
            'exact',
          ),
          tuple(
            'via',
            'new',
          ),
        ),
      ),
      tuple(
        'USES',
        'sym:src/index.ts#teams',
        'sym:src/repositories/team.repository.ts#TeamRepository',
        tuple(
          tuple(
            'resolution',
            'exact',
          ),
          tuple(
            'via',
            'new',
          ),
        ),
      ),
      tuple(
        'USES',
        'sym:src/index.ts#teams',
        'sym:src/services/team.service.ts#TeamService',
        tuple(
          tuple(
            'resolution',
            'exact',
          ),
          tuple(
            'via',
            'new',
          ),
        ),
      ),
      tuple(
        'USES',
        'sym:src/index.ts#tokens',
        'sym:src/repositories/token.repository.ts#TokenRepository',
        tuple(
          tuple(
            'resolution',
            'exact',
          ),
          tuple(
            'via',
            'new',
          ),
        ),
      ),
      tuple(
        'USES',
        'sym:src/index.ts#tokens',
        'sym:src/services/token.service.ts#TokenService',
        tuple(
          tuple(
            'resolution',
            'exact',
          ),
          tuple(
            'via',
            'new',
          ),
        ),
      ),
      tuple(
        'USES',
        'sym:src/index.ts#userRepository',
        'sym:src/repositories/user.repository.ts#UserRepository',
        tuple(
          tuple(
            'resolution',
            'exact',
          ),
          tuple(
            'via',
            'new',
          ),
        ),
      ),
      tuple(
        'USES',
        'sym:src/index.ts#users',
        'sym:src/services/user.service.ts#UserService',
        tuple(
          tuple(
            'resolution',
            'exact',
          ),
          tuple(
            'via',
            'new',
          ),
        ),
      ),
      tuple(
        'USES',
        'sym:src/index.ts#verification',
        'sym:src/services/email-verification.service.ts#EmailVerificationService',
        tuple(
          tuple(
            'resolution',
            'exact',
          ),
          tuple(
            'via',
            'new',
          ),
        ),
      ),
      tuple(
        'USES',
        'sym:src/middleware/error.middleware.ts#errorMiddleware',
        'sym:src/errors/app-error.ts#AppError',
        tuple(
          tuple(
            'resolution',
            'exact',
          ),
          tuple(
            'via',
            'reference',
          ),
        ),
      ),
      tuple(
        'USES',
        'sym:src/middleware/validate.middleware.ts#validate',
        'sym:src/errors/app-error.ts#ValidationError',
        tuple(
          tuple(
            'resolution',
            'exact',
          ),
          tuple(
            'via',
            'new',
          ),
        ),
      ),
      tuple(
        'USES',
        'sym:src/repositories/team.repository.ts#TeamRepository',
        'sym:src/db/schema.ts#teamMembers',
        tuple(
          tuple(
            'resolution',
            'exact',
          ),
          tuple(
            'via',
            'reference',
          ),
        ),
      ),
      tuple(
        'USES',
        'sym:src/repositories/team.repository.ts#TeamRepository',
        'sym:src/db/schema.ts#teams',
        tuple(
          tuple(
            'resolution',
            'exact',
          ),
          tuple(
            'via',
            'reference',
          ),
        ),
      ),
      tuple(
        'USES',
        'sym:src/repositories/token.repository.ts#TokenRepository',
        'sym:src/db/schema.ts#tokens',
        tuple(
          tuple(
            'resolution',
            'exact',
          ),
          tuple(
            'via',
            'reference',
          ),
        ),
      ),
      tuple(
        'USES',
        'sym:src/repositories/token.repository.ts#TokenRepository',
        'sym:src/repositories/token.repository.ts#TokenRecord',
        tuple(
          tuple(
            'resolution',
            'exact',
          ),
          tuple(
            'via',
            'type',
          ),
        ),
      ),
      tuple(
        'USES',
        'sym:src/repositories/user.repository.ts#UserRepository',
        'sym:src/db/schema.ts#users',
        tuple(
          tuple(
            'resolution',
            'exact',
          ),
          tuple(
            'via',
            'reference',
          ),
        ),
      ),
      tuple(
        'USES',
        'sym:src/repositories/user.repository.ts#UserRepository',
        'sym:src/repositories/user.repository.ts#UserRecord',
        tuple(
          tuple(
            'resolution',
            'exact',
          ),
          tuple(
            'via',
            'type',
          ),
        ),
      ),
      tuple(
        'USES',
        'sym:src/routes/auth.routes.ts#authRoutes',
        'sym:src/controllers/auth.controller.ts#AuthController',
        tuple(
          tuple(
            'resolution',
            'exact',
          ),
          tuple(
            'via',
            'type',
          ),
        ),
      ),
      tuple(
        'USES',
        'sym:src/routes/auth.routes.ts#route:POST /auth/password-reset',
        'sym:src/controllers/auth.controller.ts#AuthController',
        tuple(
          tuple(
            'resolution',
            'exact',
          ),
          tuple(
            'via',
            'call',
          ),
        ),
      ),
      tuple(
        'USES',
        'sym:src/routes/auth.routes.ts#route:POST /auth/password-reset',
        'sym:src/validators/auth.schema.ts#requestResetSchema',
        tuple(
          tuple(
            'resolution',
            'exact',
          ),
          tuple(
            'via',
            'reference',
          ),
        ),
      ),
      tuple(
        'USES',
        'sym:src/routes/auth.routes.ts#route:POST /auth/password-reset/confirm',
        'sym:src/controllers/auth.controller.ts#AuthController',
        tuple(
          tuple(
            'resolution',
            'exact',
          ),
          tuple(
            'via',
            'call',
          ),
        ),
      ),
      tuple(
        'USES',
        'sym:src/routes/auth.routes.ts#route:POST /auth/password-reset/confirm',
        'sym:src/validators/auth.schema.ts#resetPasswordSchema',
        tuple(
          tuple(
            'resolution',
            'exact',
          ),
          tuple(
            'via',
            'reference',
          ),
        ),
      ),
      tuple(
        'USES',
        'sym:src/routes/auth.routes.ts#route:POST /auth/register',
        'sym:src/controllers/auth.controller.ts#AuthController',
        tuple(
          tuple(
            'resolution',
            'exact',
          ),
          tuple(
            'via',
            'call',
          ),
        ),
      ),
      tuple(
        'USES',
        'sym:src/routes/auth.routes.ts#route:POST /auth/register',
        'sym:src/validators/auth.schema.ts#registerSchema',
        tuple(
          tuple(
            'resolution',
            'exact',
          ),
          tuple(
            'via',
            'reference',
          ),
        ),
      ),
      tuple(
        'USES',
        'sym:src/routes/auth.routes.ts#route:POST /auth/verify-email',
        'sym:src/controllers/auth.controller.ts#AuthController',
        tuple(
          tuple(
            'resolution',
            'exact',
          ),
          tuple(
            'via',
            'call',
          ),
        ),
      ),
      tuple(
        'USES',
        'sym:src/routes/auth.routes.ts#route:POST /auth/verify-email',
        'sym:src/validators/auth.schema.ts#verifyEmailSchema',
        tuple(
          tuple(
            'resolution',
            'exact',
          ),
          tuple(
            'via',
            'reference',
          ),
        ),
      ),
      tuple(
        'USES',
        'sym:src/routes/teams.routes.ts#route:GET /teams/:id',
        'sym:src/controllers/team.controller.ts#TeamController',
        tuple(
          tuple(
            'resolution',
            'exact',
          ),
          tuple(
            'via',
            'call',
          ),
        ),
      ),
      tuple(
        'USES',
        'sym:src/routes/teams.routes.ts#route:GET /teams/:id',
        'sym:src/middleware/auth.middleware.ts#requireAuth',
        tuple(
          tuple(
            'resolution',
            'exact',
          ),
          tuple(
            'via',
            'reference',
          ),
        ),
      ),
      tuple(
        'USES',
        'sym:src/routes/teams.routes.ts#route:GET /teams/:id/members',
        'sym:src/controllers/team.controller.ts#TeamController',
        tuple(
          tuple(
            'resolution',
            'exact',
          ),
          tuple(
            'via',
            'call',
          ),
        ),
      ),
      tuple(
        'USES',
        'sym:src/routes/teams.routes.ts#route:GET /teams/:id/members',
        'sym:src/middleware/auth.middleware.ts#requireAuth',
        tuple(
          tuple(
            'resolution',
            'exact',
          ),
          tuple(
            'via',
            'reference',
          ),
        ),
      ),
      tuple(
        'USES',
        'sym:src/routes/teams.routes.ts#route:POST /teams',
        'sym:src/controllers/team.controller.ts#TeamController',
        tuple(
          tuple(
            'resolution',
            'exact',
          ),
          tuple(
            'via',
            'call',
          ),
        ),
      ),
      tuple(
        'USES',
        'sym:src/routes/teams.routes.ts#route:POST /teams',
        'sym:src/middleware/auth.middleware.ts#requireAuth',
        tuple(
          tuple(
            'resolution',
            'exact',
          ),
          tuple(
            'via',
            'reference',
          ),
        ),
      ),
      tuple(
        'USES',
        'sym:src/routes/teams.routes.ts#route:POST /teams',
        'sym:src/validators/team.schema.ts#createTeamSchema',
        tuple(
          tuple(
            'resolution',
            'exact',
          ),
          tuple(
            'via',
            'reference',
          ),
        ),
      ),
      tuple(
        'USES',
        'sym:src/routes/teams.routes.ts#route:POST /teams/:id/members',
        'sym:src/controllers/team.controller.ts#TeamController',
        tuple(
          tuple(
            'resolution',
            'exact',
          ),
          tuple(
            'via',
            'call',
          ),
        ),
      ),
      tuple(
        'USES',
        'sym:src/routes/teams.routes.ts#route:POST /teams/:id/members',
        'sym:src/middleware/auth.middleware.ts#requireAuth',
        tuple(
          tuple(
            'resolution',
            'exact',
          ),
          tuple(
            'via',
            'reference',
          ),
        ),
      ),
      tuple(
        'USES',
        'sym:src/routes/teams.routes.ts#route:POST /teams/:id/members',
        'sym:src/validators/team.schema.ts#addMemberSchema',
        tuple(
          tuple(
            'resolution',
            'exact',
          ),
          tuple(
            'via',
            'reference',
          ),
        ),
      ),
      tuple(
        'USES',
        'sym:src/routes/teams.routes.ts#teamRoutes',
        'sym:src/controllers/team.controller.ts#TeamController',
        tuple(
          tuple(
            'resolution',
            'exact',
          ),
          tuple(
            'via',
            'type',
          ),
        ),
      ),
      tuple(
        'USES',
        'sym:src/routes/users.routes.ts#route:GET /me',
        'sym:src/controllers/user.controller.ts#UserController',
        tuple(
          tuple(
            'resolution',
            'exact',
          ),
          tuple(
            'via',
            'call',
          ),
        ),
      ),
      tuple(
        'USES',
        'sym:src/routes/users.routes.ts#route:GET /me',
        'sym:src/middleware/auth.middleware.ts#requireAuth',
        tuple(
          tuple(
            'resolution',
            'exact',
          ),
          tuple(
            'via',
            'reference',
          ),
        ),
      ),
      tuple(
        'USES',
        'sym:src/routes/users.routes.ts#route:PATCH /me',
        'sym:src/controllers/user.controller.ts#UserController',
        tuple(
          tuple(
            'resolution',
            'exact',
          ),
          tuple(
            'via',
            'call',
          ),
        ),
      ),
      tuple(
        'USES',
        'sym:src/routes/users.routes.ts#route:PATCH /me',
        'sym:src/middleware/auth.middleware.ts#requireAuth',
        tuple(
          tuple(
            'resolution',
            'exact',
          ),
          tuple(
            'via',
            'reference',
          ),
        ),
      ),
      tuple(
        'USES',
        'sym:src/routes/users.routes.ts#userRoutes',
        'sym:src/controllers/user.controller.ts#UserController',
        tuple(
          tuple(
            'resolution',
            'exact',
          ),
          tuple(
            'via',
            'type',
          ),
        ),
      ),
      tuple(
        'USES',
        'sym:src/services/email-verification.service.ts#EmailVerificationService',
        'sym:src/repositories/user.repository.ts#UserRepository',
        tuple(
          tuple(
            'resolution',
            'exact',
          ),
          tuple(
            'via',
            'constructor',
          ),
        ),
      ),
      tuple(
        'USES',
        'sym:src/services/email-verification.service.ts#EmailVerificationService',
        'sym:src/services/email.service.ts#EmailService',
        tuple(
          tuple(
            'resolution',
            'exact',
          ),
          tuple(
            'via',
            'constructor',
          ),
        ),
      ),
      tuple(
        'USES',
        'sym:src/services/email-verification.service.ts#EmailVerificationService',
        'sym:src/services/token.service.ts#TokenService',
        tuple(
          tuple(
            'resolution',
            'exact',
          ),
          tuple(
            'via',
            'constructor',
          ),
        ),
      ),
      tuple(
        'USES',
        'sym:src/services/email.service.ts#EmailService',
        'sym:src/integrations/email.integration.ts#EmailClient',
        tuple(
          tuple(
            'resolution',
            'exact',
          ),
          tuple(
            'via',
            'constructor',
          ),
        ),
      ),
      tuple(
        'USES',
        'sym:src/services/password-reset.service.ts#PasswordResetService',
        'sym:src/repositories/user.repository.ts#UserRepository',
        tuple(
          tuple(
            'resolution',
            'exact',
          ),
          tuple(
            'via',
            'constructor',
          ),
        ),
      ),
      tuple(
        'USES',
        'sym:src/services/password-reset.service.ts#PasswordResetService',
        'sym:src/services/email.service.ts#EmailService',
        tuple(
          tuple(
            'resolution',
            'exact',
          ),
          tuple(
            'via',
            'constructor',
          ),
        ),
      ),
      tuple(
        'USES',
        'sym:src/services/password-reset.service.ts#PasswordResetService',
        'sym:src/services/token.service.ts#TokenService',
        tuple(
          tuple(
            'resolution',
            'exact',
          ),
          tuple(
            'via',
            'constructor',
          ),
        ),
      ),
      tuple(
        'USES',
        'sym:src/services/team.service.ts#TeamService',
        'sym:src/errors/app-error.ts#NotFoundError',
        tuple(
          tuple(
            'resolution',
            'exact',
          ),
          tuple(
            'via',
            'new',
          ),
        ),
      ),
      tuple(
        'USES',
        'sym:src/services/team.service.ts#TeamService',
        'sym:src/repositories/team.repository.ts#TeamRepository',
        tuple(
          tuple(
            'resolution',
            'exact',
          ),
          tuple(
            'via',
            'constructor',
          ),
        ),
      ),
      tuple(
        'USES',
        'sym:src/services/team.service.ts#TeamService',
        'sym:src/repositories/user.repository.ts#UserRepository',
        tuple(
          tuple(
            'resolution',
            'exact',
          ),
          tuple(
            'via',
            'constructor',
          ),
        ),
      ),
      tuple(
        'USES',
        'sym:src/services/token.service.ts#TokenService',
        'sym:src/errors/app-error.ts#ExpiredTokenError',
        tuple(
          tuple(
            'resolution',
            'exact',
          ),
          tuple(
            'via',
            'new',
          ),
        ),
      ),
      tuple(
        'USES',
        'sym:src/services/token.service.ts#TokenService',
        'sym:src/repositories/token.repository.ts#TokenRepository',
        tuple(
          tuple(
            'resolution',
            'exact',
          ),
          tuple(
            'via',
            'constructor',
          ),
        ),
      ),
      tuple(
        'USES',
        'sym:src/services/user.service.ts#UserService',
        'sym:src/errors/app-error.ts#NotFoundError',
        tuple(
          tuple(
            'resolution',
            'exact',
          ),
          tuple(
            'via',
            'new',
          ),
        ),
      ),
      tuple(
        'USES',
        'sym:src/services/user.service.ts#UserService',
        'sym:src/repositories/user.repository.ts#UserRepository',
        tuple(
          tuple(
            'resolution',
            'exact',
          ),
          tuple(
            'via',
            'constructor',
          ),
        ),
      ),
    ]),
    'external_deps': list([
      '@types/express',
      'drizzle-orm',
      'express',
      'nodemailer',
      'pg',
      'typescript',
      'vitest',
      'zod',
    ]),
    'files': list([
      tuple(
        'src/controllers/auth.controller.ts',
        'typescript',
        False,
      ),
      tuple(
        'src/controllers/team.controller.ts',
        'typescript',
        False,
      ),
      tuple(
        'src/controllers/user.controller.ts',
        'typescript',
        False,
      ),
      tuple(
        'src/db/client.ts',
        'typescript',
        False,
      ),
      tuple(
        'src/db/schema.ts',
        'typescript',
        False,
      ),
      tuple(
        'src/errors/app-error.ts',
        'typescript',
        False,
      ),
      tuple(
        'src/index.ts',
        'typescript',
        False,
      ),
      tuple(
        'src/integrations/email.integration.ts',
        'typescript',
        False,
      ),
      tuple(
        'src/middleware/auth.middleware.ts',
        'typescript',
        False,
      ),
      tuple(
        'src/middleware/error.middleware.ts',
        'typescript',
        False,
      ),
      tuple(
        'src/middleware/validate.middleware.ts',
        'typescript',
        False,
      ),
      tuple(
        'src/repositories/team.repository.ts',
        'typescript',
        False,
      ),
      tuple(
        'src/repositories/token.repository.ts',
        'typescript',
        False,
      ),
      tuple(
        'src/repositories/user.repository.ts',
        'typescript',
        False,
      ),
      tuple(
        'src/routes/auth.routes.ts',
        'typescript',
        False,
      ),
      tuple(
        'src/routes/teams.routes.ts',
        'typescript',
        False,
      ),
      tuple(
        'src/routes/users.routes.ts',
        'typescript',
        False,
      ),
      tuple(
        'src/services/email-verification.service.ts',
        'typescript',
        False,
      ),
      tuple(
        'src/services/email.service.ts',
        'typescript',
        False,
      ),
      tuple(
        'src/services/password-reset.service.ts',
        'typescript',
        False,
      ),
      tuple(
        'src/services/team.service.ts',
        'typescript',
        False,
      ),
      tuple(
        'src/services/token.service.ts',
        'typescript',
        False,
      ),
      tuple(
        'src/services/user.service.ts',
        'typescript',
        False,
      ),
      tuple(
        'src/validators/auth.schema.ts',
        'typescript',
        False,
      ),
      tuple(
        'src/validators/team.schema.ts',
        'typescript',
        False,
      ),
      tuple(
        'tests/password-reset.service.test.ts',
        'typescript',
        True,
      ),
      tuple(
        'tests/team.service.test.ts',
        'typescript',
        True,
      ),
      tuple(
        'tests/token.service.test.ts',
        'typescript',
        True,
      ),
    ]),
    'modules': list([
      'src',
      'src/controllers',
      'src/db',
      'src/errors',
      'src/integrations',
      'src/middleware',
      'src/repositories',
      'src/routes',
      'src/services',
      'src/validators',
      'tests',
    ]),
    'symbols': list([
      tuple(
        'src/controllers/auth.controller.ts',
        'AuthController',
        'class',
        tuple(
          'Controller',
        ),
      ),
      tuple(
        'src/controllers/auth.controller.ts',
        'AuthController.register',
        'method',
        tuple(
        ),
      ),
      tuple(
        'src/controllers/auth.controller.ts',
        'AuthController.requestPasswordReset',
        'method',
        tuple(
        ),
      ),
      tuple(
        'src/controllers/auth.controller.ts',
        'AuthController.resetPassword',
        'method',
        tuple(
        ),
      ),
      tuple(
        'src/controllers/auth.controller.ts',
        'AuthController.verifyEmail',
        'method',
        tuple(
        ),
      ),
      tuple(
        'src/controllers/team.controller.ts',
        'TeamController',
        'class',
        tuple(
          'Controller',
        ),
      ),
      tuple(
        'src/controllers/team.controller.ts',
        'TeamController.addMember',
        'method',
        tuple(
        ),
      ),
      tuple(
        'src/controllers/team.controller.ts',
        'TeamController.create',
        'method',
        tuple(
        ),
      ),
      tuple(
        'src/controllers/team.controller.ts',
        'TeamController.get',
        'method',
        tuple(
        ),
      ),
      tuple(
        'src/controllers/team.controller.ts',
        'TeamController.listMembers',
        'method',
        tuple(
        ),
      ),
      tuple(
        'src/controllers/user.controller.ts',
        'UserController',
        'class',
        tuple(
          'Controller',
        ),
      ),
      tuple(
        'src/controllers/user.controller.ts',
        'UserController.me',
        'method',
        tuple(
        ),
      ),
      tuple(
        'src/controllers/user.controller.ts',
        'UserController.updateProfile',
        'method',
        tuple(
        ),
      ),
      tuple(
        'src/db/client.ts',
        'db',
        'const',
        tuple(
        ),
      ),
      tuple(
        'src/db/client.ts',
        'pool',
        'const',
        tuple(
        ),
      ),
      tuple(
        'src/db/schema.ts',
        'teamMembers',
        'const',
        tuple(
          'Model',
        ),
      ),
      tuple(
        'src/db/schema.ts',
        'teams',
        'const',
        tuple(
          'Model',
        ),
      ),
      tuple(
        'src/db/schema.ts',
        'tokens',
        'const',
        tuple(
          'Model',
        ),
      ),
      tuple(
        'src/db/schema.ts',
        'users',
        'const',
        tuple(
          'Model',
        ),
      ),
      tuple(
        'src/errors/app-error.ts',
        'AppError',
        'class',
        tuple(
        ),
      ),
      tuple(
        'src/errors/app-error.ts',
        'ExpiredTokenError',
        'class',
        tuple(
        ),
      ),
      tuple(
        'src/errors/app-error.ts',
        'NotFoundError',
        'class',
        tuple(
        ),
      ),
      tuple(
        'src/errors/app-error.ts',
        'ValidationError',
        'class',
        tuple(
        ),
      ),
      tuple(
        'src/index.ts',
        'email',
        'const',
        tuple(
        ),
      ),
      tuple(
        'src/index.ts',
        'passwordReset',
        'const',
        tuple(
        ),
      ),
      tuple(
        'src/index.ts',
        'teams',
        'const',
        tuple(
        ),
      ),
      tuple(
        'src/index.ts',
        'tokens',
        'const',
        tuple(
        ),
      ),
      tuple(
        'src/index.ts',
        'userRepository',
        'const',
        tuple(
        ),
      ),
      tuple(
        'src/index.ts',
        'users',
        'const',
        tuple(
        ),
      ),
      tuple(
        'src/index.ts',
        'verification',
        'const',
        tuple(
        ),
      ),
      tuple(
        'src/integrations/email.integration.ts',
        'EmailClient',
        'class',
        tuple(
          'Integration',
        ),
      ),
      tuple(
        'src/integrations/email.integration.ts',
        'EmailClient.send',
        'method',
        tuple(
        ),
      ),
      tuple(
        'src/middleware/auth.middleware.ts',
        'requireAuth',
        'function',
        tuple(
          'Middleware',
        ),
      ),
      tuple(
        'src/middleware/error.middleware.ts',
        'errorMiddleware',
        'function',
        tuple(
          'Middleware',
        ),
      ),
      tuple(
        'src/middleware/validate.middleware.ts',
        'validate',
        'function',
        tuple(
        ),
      ),
      tuple(
        'src/repositories/team.repository.ts',
        'TeamRepository',
        'class',
        tuple(
          'Repository',
        ),
      ),
      tuple(
        'src/repositories/team.repository.ts',
        'TeamRepository.addMember',
        'method',
        tuple(
        ),
      ),
      tuple(
        'src/repositories/team.repository.ts',
        'TeamRepository.create',
        'method',
        tuple(
        ),
      ),
      tuple(
        'src/repositories/team.repository.ts',
        'TeamRepository.findById',
        'method',
        tuple(
        ),
      ),
      tuple(
        'src/repositories/team.repository.ts',
        'TeamRepository.listMembers',
        'method',
        tuple(
        ),
      ),
      tuple(
        'src/repositories/token.repository.ts',
        'TokenRecord',
        'interface',
        tuple(
        ),
      ),
      tuple(
        'src/repositories/token.repository.ts',
        'TokenRepository',
        'class',
        tuple(
          'Repository',
        ),
      ),
      tuple(
        'src/repositories/token.repository.ts',
        'TokenRepository.deleteExpired',
        'method',
        tuple(
        ),
      ),
      tuple(
        'src/repositories/token.repository.ts',
        'TokenRepository.findByValue',
        'method',
        tuple(
        ),
      ),
      tuple(
        'src/repositories/token.repository.ts',
        'TokenRepository.insert',
        'method',
        tuple(
        ),
      ),
      tuple(
        'src/repositories/token.repository.ts',
        'TokenRepository.markConsumed',
        'method',
        tuple(
        ),
      ),
      tuple(
        'src/repositories/user.repository.ts',
        'UserRecord',
        'interface',
        tuple(
        ),
      ),
      tuple(
        'src/repositories/user.repository.ts',
        'UserRepository',
        'class',
        tuple(
          'Repository',
        ),
      ),
      tuple(
        'src/repositories/user.repository.ts',
        'UserRepository.create',
        'method',
        tuple(
        ),
      ),
      tuple(
        'src/repositories/user.repository.ts',
        'UserRepository.findByEmail',
        'method',
        tuple(
        ),
      ),
      tuple(
        'src/repositories/user.repository.ts',
        'UserRepository.findById',
        'method',
        tuple(
        ),
      ),
      tuple(
        'src/repositories/user.repository.ts',
        'UserRepository.update',
        'method',
        tuple(
        ),
      ),
      tuple(
        'src/routes/auth.routes.ts',
        'authRoutes',
        'function',
        tuple(
        ),
      ),
      tuple(
        'src/routes/auth.routes.ts',
        'route:POST /auth/password-reset',
        'route',
        tuple(
          'Route',
        ),
      ),
      tuple(
        'src/routes/auth.routes.ts',
        'route:POST /auth/password-reset/confirm',
        'route',
        tuple(
          'Route',
        ),
      ),
      tuple(
        'src/routes/auth.routes.ts',
        'route:POST /auth/register',
        'route',
        tuple(
          'Route',
        ),
      ),
      tuple(
        'src/routes/auth.routes.ts',
        'route:POST /auth/verify-email',
        'route',
        tuple(
          'Route',
        ),
      ),
      tuple(
        'src/routes/teams.routes.ts',
        'route:GET /teams/:id',
        'route',
        tuple(
          'Route',
        ),
      ),
      tuple(
        'src/routes/teams.routes.ts',
        'route:GET /teams/:id/members',
        'route',
        tuple(
          'Route',
        ),
      ),
      tuple(
        'src/routes/teams.routes.ts',
        'route:POST /teams',
        'route',
        tuple(
          'Route',
        ),
      ),
      tuple(
        'src/routes/teams.routes.ts',
        'route:POST /teams/:id/members',
        'route',
        tuple(
          'Route',
        ),
      ),
      tuple(
        'src/routes/teams.routes.ts',
        'teamRoutes',
        'function',
        tuple(
        ),
      ),
      tuple(
        'src/routes/users.routes.ts',
        'route:GET /me',
        'route',
        tuple(
          'Route',
        ),
      ),
      tuple(
        'src/routes/users.routes.ts',
        'route:PATCH /me',
        'route',
        tuple(
          'Route',
        ),
      ),
      tuple(
        'src/routes/users.routes.ts',
        'userRoutes',
        'function',
        tuple(
        ),
      ),
      tuple(
        'src/services/email-verification.service.ts',
        'EmailVerificationService',
        'class',
        tuple(
          'Service',
        ),
      ),
      tuple(
        'src/services/email-verification.service.ts',
        'EmailVerificationService.sendVerification',
        'method',
        tuple(
        ),
      ),
      tuple(
        'src/services/email-verification.service.ts',
        'EmailVerificationService.verify',
        'method',
        tuple(
        ),
      ),
      tuple(
        'src/services/email.service.ts',
        'EmailService',
        'class',
        tuple(
          'Service',
        ),
      ),
      tuple(
        'src/services/email.service.ts',
        'EmailService.sendTemplate',
        'method',
        tuple(
        ),
      ),
      tuple(
        'src/services/password-reset.service.ts',
        'PasswordResetService',
        'class',
        tuple(
          'Service',
        ),
      ),
      tuple(
        'src/services/password-reset.service.ts',
        'PasswordResetService.requestReset',
        'method',
        tuple(
        ),
      ),
      tuple(
        'src/services/password-reset.service.ts',
        'PasswordResetService.resetPassword',
        'method',
        tuple(
        ),
      ),
      tuple(
        'src/services/team.service.ts',
        'TeamService',
        'class',
        tuple(
          'Service',
        ),
      ),
      tuple(
        'src/services/team.service.ts',
        'TeamService.addMember',
        'method',
        tuple(
        ),
      ),
      tuple(
        'src/services/team.service.ts',
        'TeamService.createTeam',
        'method',
        tuple(
        ),
      ),
      tuple(
        'src/services/team.service.ts',
        'TeamService.getTeam',
        'method',
        tuple(
        ),
      ),
      tuple(
        'src/services/team.service.ts',
        'TeamService.listMembers',
        'method',
        tuple(
        ),
      ),
      tuple(
        'src/services/token.service.ts',
        'TokenService',
        'class',
        tuple(
          'Service',
        ),
      ),
      tuple(
        'src/services/token.service.ts',
        'TokenService.consume',
        'method',
        tuple(
        ),
      ),
      tuple(
        'src/services/token.service.ts',
        'TokenService.create',
        'method',
        tuple(
        ),
      ),
      tuple(
        'src/services/token.service.ts',
        'TokenService.expire',
        'method',
        tuple(
        ),
      ),
      tuple(
        'src/services/token.service.ts',
        'TokenService.validate',
        'method',
        tuple(
        ),
      ),
      tuple(
        'src/services/user.service.ts',
        'UserService',
        'class',
        tuple(
          'Service',
        ),
      ),
      tuple(
        'src/services/user.service.ts',
        'UserService.getProfile',
        'method',
        tuple(
        ),
      ),
      tuple(
        'src/services/user.service.ts',
        'UserService.register',
        'method',
        tuple(
        ),
      ),
      tuple(
        'src/validators/auth.schema.ts',
        'registerSchema',
        'const',
        tuple(
          'Validator',
        ),
      ),
      tuple(
        'src/validators/auth.schema.ts',
        'requestResetSchema',
        'const',
        tuple(
          'Validator',
        ),
      ),
      tuple(
        'src/validators/auth.schema.ts',
        'resetPasswordSchema',
        'const',
        tuple(
          'Validator',
        ),
      ),
      tuple(
        'src/validators/auth.schema.ts',
        'verifyEmailSchema',
        'const',
        tuple(
          'Validator',
        ),
      ),
      tuple(
        'src/validators/team.schema.ts',
        'addMemberSchema',
        'const',
        tuple(
          'Validator',
        ),
      ),
      tuple(
        'src/validators/team.schema.ts',
        'createTeamSchema',
        'const',
        tuple(
          'Validator',
        ),
      ),
    ]),
  })
# ---
